
> @hw/web@1.0.0 build
> next build

  ▲ Next.js 14.2.35

   Creating an optimized production build ...
 ✓ Compiled successfully
   Linting and checking validity of types ...

./app/sitemap.ts
17:13  Warning: Empty block statement.  no-empty

./lib/messaging.ts
22:11  Warning: Empty block statement.  no-empty

info  - Need to disable some ESLint rules? Learn more here: https://nextjs.org/docs/basic-features/eslint#disabling-rules
   Collecting page data ...
   Generating static pages (0/33) ...
(node:23652) Warning: `--localstorage-file` was provided without a valid path
(Use `node --trace-warnings ...` to show where the warning was created)
(node:10468) Warning: `--localstorage-file` was provided without a valid path
(Use `node --trace-warnings ...` to show where the warning was created)
(node:29000) Warning: `--localstorage-file` was provided without a valid path
(Use `node --trace-warnings ...` to show where the warning was created)
(node:24256) Warning: `--localstorage-file` was provided without a valid path
(Use `node --trace-warnings ...` to show where the warning was created)
(node:21216) Warning: `--localstorage-file` was provided without a valid path
(Use `node --trace-warnings ...` to show where the warning was created)
   Generating static pages (8/33) 
(node:28128) Warning: `--localstorage-file` was provided without a valid path
(Use `node --trace-warnings ...` to show where the warning was created)
(node:10932) Warning: `--localstorage-file` was provided without a valid path
   Generating static pages (16/33) 
(Use `node --trace-warnings ...` to show where the warning was created)
   Generating static pages (24/33) 
 ✓ Generating static pages (33/33)
   Finalizing page optimization ...
   Collecting build traces ...

Route (app)                              Size     First Load JS
┌ ○ /                                    8.39 kB         137 kB
├ ○ /_not-found                          174 B          87.5 kB
├ ○ /about                               174 B          87.5 kB
├ ƒ /api/v1/[...path]                    0 B                0 B
├ ○ /auth                                7.05 kB        96.8 kB
├ ○ /auth/callback                       2.63 kB        92.4 kB
├ ○ /blog                                3.25 kB         109 kB
├ ƒ /blog/[slug]                         14.6 kB         133 kB
├ ○ /bug-report                          2.32 kB         113 kB
├ ○ /contact                             174 B          87.5 kB
├ ○ /dashboard                           8.17 kB         118 kB
├ ○ /dashboard/admin                     5.54 kB         114 kB
├ ○ /dashboard/admin/blog                1.78 kB         113 kB
├ ƒ /dashboard/admin/blog/[id]/edit      3.02 kB         106 kB
├ ○ /dashboard/admin/blog/new            2.81 kB         106 kB
├ ○ /dashboard/admin/bug-reports         3.14 kB         113 kB
├ ○ /dashboard/admin/email-templates     5.24 kB         107 kB
├ ○ /dashboard/admin/moderation          4.9 kB          118 kB
├ ○ /dashboard/admin/payments            5.19 kB         110 kB
├ ○ /dashboard/agent/clients             3.64 kB         105 kB
├ ƒ /dashboard/agent/clients/[id]        5.59 kB         116 kB
├ ○ /dashboard/agent/listings            5.14 kB         119 kB
├ ○ /dashboard/agent/listings/new        6.85 kB         108 kB
├ ○ /dashboard/agent/transactions        4.67 kB         123 kB
├ ƒ /dashboard/agent/transactions/[id]   9.15 kB         117 kB
├ ○ /dashboard/client                    6.03 kB         130 kB
├ ○ /dashboard/notifications             6.61 kB         119 kB
├ ○ /faq                                 174 B          87.5 kB
├ ○ /messages                            5.4 kB          118 kB
├ ○ /pricing                             6.12 kB         106 kB
├ ○ /privacy                             174 B          87.5 kB
├ ○ /properties                          9.34 kB         125 kB
├ ƒ /properties/[id]                     10.5 kB         124 kB
├ ○ /robots.txt                          0 B                0 B
├ ○ /sitemap.xml                         0 B                0 B
├ ○ /terms                               174 B          87.5 kB
└ ○ /transactions                        174 B          87.5 kB
+ First Load JS shared by all            87.3 kB
  ├ chunks/1528-5dd2fa5fb2c43cf7.js      31.7 kB
  ├ chunks/1dd3208c-f1467509a5b9ca63.js  53.6 kB
  └ other shared chunks (total)          1.95 kB


○  (Static)   prerendered as static content
ƒ  (Dynamic)  server-rendered on demand

